[ 2017-11-01 16:38:20 ]: 0.014
[ 2017-11-01 16:38:30 ]: 0.019
[ 2017-11-01 16:38:40 ]: 0.013
[ 2017-11-01 16:38:50 ]: 0.012
[ 2017-11-01 16:39:00 ]: 0.012